AR siggendatapath behavioral "C:/Users/Skrum_000/OneDrive/DTU/2. semester/Digitalteknik/Oscilloskop_projekt/SigGenDatapath.vhd" sub00/vhpl03 1465680911
EN siggentoptb NULL "C:/Users/Skrum_000/OneDrive/DTU/2. semester/Digitalteknik/Oscilloskop_projekt/SigGenTopTB.vhd" sub00/vhpl10 1465672311
EN siggendatapath NULL "C:/Users/Skrum_000/OneDrive/DTU/2. semester/Digitalteknik/Oscilloskop_projekt/SigGenDatapath.vhd" sub00/vhpl02 1465680910
EN siggencontrol NULL "C:/Users/Skrum_000/OneDrive/DTU/2. semester/Digitalteknik/Oscilloskop_projekt/SigGenControl.vhd" sub00/vhpl06 1465680908
EN shiftreg NULL "C:/Users/Skrum_000/OneDrive/DTU/2. semester/Digitalteknik/Oscilloskop_projekt/shiftreg.vhd" sub00/vhpl00 1465680904
EN siggentop NULL "C:/Users/Skrum_000/OneDrive/DTU/2. semester/Digitalteknik/Oscilloskop_projekt/SigGenTop.vhd" sub00/vhpl08 1465680912
AR shiftreg behavioral "C:/Users/Skrum_000/OneDrive/DTU/2. semester/Digitalteknik/Oscilloskop_projekt/shiftreg.vhd" sub00/vhpl01 1465680905
AR siggentop behavioral "C:/Users/Skrum_000/OneDrive/DTU/2. semester/Digitalteknik/Oscilloskop_projekt/SigGenTop.vhd" sub00/vhpl09 1465680913
AR spihandler behavioral "C:/Users/Skrum_000/OneDrive/DTU/2. semester/Digitalteknik/Oscilloskop_projekt/SPIPHandler.vhd" sub00/vhpl05 1465680907
AR siggencontrol behavioral "C:/Users/Skrum_000/OneDrive/DTU/2. semester/Digitalteknik/Oscilloskop_projekt/SigGenControl.vhd" sub00/vhpl07 1465680909
EN spihandler NULL "C:/Users/Skrum_000/OneDrive/DTU/2. semester/Digitalteknik/Oscilloskop_projekt/SPIPHandler.vhd" sub00/vhpl04 1465680906
