AR siggendatapath behavioral "C:/Users/Skrum_000/OneDrive/DTU/2. semester/Digitalteknik/Oscilloskop_projekt/SigGenDatapath.vhd" sub00/vhpl03 1465993198
EN siggentoptb NULL "C:/Users/Skrum_000/OneDrive/DTU/2. semester/Digitalteknik/Oscilloskop_projekt/SigGenTopTB.vhd" sub00/vhpl10 1465672311
EN siggendatapath NULL "C:/Users/Skrum_000/OneDrive/DTU/2. semester/Digitalteknik/Oscilloskop_projekt/SigGenDatapath.vhd" sub00/vhpl02 1465993197
EN siggencontrol NULL "C:/Users/Skrum_000/OneDrive/DTU/2. semester/Digitalteknik/Oscilloskop_projekt/SigGenControl.vhd" sub00/vhpl06 1465993195
EN shiftreg NULL "C:/Users/Skrum_000/OneDrive/DTU/2. semester/Digitalteknik/Oscilloskop_projekt/shiftreg.vhd" sub00/vhpl00 1465993191
EN siggentop NULL "C:/Users/Skrum_000/OneDrive/DTU/2. semester/Digitalteknik/Oscilloskop_projekt/SigGenTop.vhd" sub00/vhpl08 1465993199
AR shiftreg behavioral "C:/Users/Skrum_000/OneDrive/DTU/2. semester/Digitalteknik/Oscilloskop_projekt/shiftreg.vhd" sub00/vhpl01 1465993192
AR siggentop behavioral "C:/Users/Skrum_000/OneDrive/DTU/2. semester/Digitalteknik/Oscilloskop_projekt/SigGenTop.vhd" sub00/vhpl09 1465993200
AR spihandler behavioral "C:/Users/Skrum_000/OneDrive/DTU/2. semester/Digitalteknik/Oscilloskop_projekt/SPIPHandler.vhd" sub00/vhpl05 1465993194
AR siggencontrol behavioral "C:/Users/Skrum_000/OneDrive/DTU/2. semester/Digitalteknik/Oscilloskop_projekt/SigGenControl.vhd" sub00/vhpl07 1465993196
EN spihandler NULL "C:/Users/Skrum_000/OneDrive/DTU/2. semester/Digitalteknik/Oscilloskop_projekt/SPIPHandler.vhd" sub00/vhpl04 1465993193
